$ vite build
[36mvite v6.3.5 [32mbuilding for production...[36m[39m
transforming...
[32m✓[39m 2613 modules transformed.
rendering chunks...
computing gzip size...
[2mdist/[22m[32mindex.html                          [39m[1m[2m    0.80 kB[22m[1m[22m[2m │ gzip:   0.45 kB[22m
[2mdist/[22m[35massets/index-C3FjgmX5.css           [39m[1m[2m  123.38 kB[22m[1m[22m[2m │ gzip:  19.77 kB[22m
[2mdist/[22m[36massets/purify.es-BwoZCkIS.js        [39m[1m[2m   22.03 kB[22m[1m[22m[2m │ gzip:   8.77 kB[22m
[2mdist/[22m[36massets/index.es-D8p1X8fl.js         [39m[1m[2m  159.60 kB[22m[1m[22m[2m │ gzip:  53.51 kB[22m
[2mdist/[22m[36massets/html2canvas.esm-QH1iLAAe.js  [39m[1m[2m  202.38 kB[22m[1m[22m[2m │ gzip:  48.04 kB[22m
[2mdist/[22m[36massets/index-8peUZcY-.js            [39m[1m[33m1,434.38 kB[39m[22m[2m │ gzip: 386.98 kB[22m
[33m
(!) Some chunks are larger than 500 kB after minification. Consider:
- Using dynamic import() to code-split the application
- Use build.rollupOptions.output.manualChunks to improve chunking: https://rollupjs.org/configuration-options/#output-manualchunks
- Adjust chunk size limit for this warning via build.chunkSizeWarningLimit.[39m
[32m✓ built in 8.89s[39m
